- <NSHTTPURLResponse> { URL: fake_url } { Status Code: 200, Headers {
} }
