▿ Optional<Dictionary<AnyHashable, Any>>
  ▿ some: 6 key/value pairs
    ▿ (2 elements)
      - key: "Accept-Encoding"
      ▿ value: 3 elements
        - "br"
        - "gzip"
        - "deflate"
    ▿ (2 elements)
      - key: "User-Agent"
      - value: "FooApp/1.2.3 (com.klaviyo.fooapp; build:1; iOS 1.1.1) klaviyo-ios/4.0.0"
    ▿ (2 elements)
      - key: "X-Klaviyo-Mobile"
      - value: "1"
    ▿ (2 elements)
      - key: "accept"
      - value: "application/json"
    ▿ (2 elements)
      - key: "content-type"
      - value: "application/json"
    ▿ (2 elements)
      - key: "revision"
      - value: "2023-07-15"
