{
  "apiKey" : "foo",
  "endpoint" : {
    "storePushToken" : {
      "_0" : {
        "properties" : {
          "$anonymous" : "foo",
          "$email" : "foo",
          "$ios_tokens" : "foo",
          "$phone_number" : "foo"
        },
        "token" : "foo"
      }
    }
  }
}