{
  "anonymousId" : "foo",
  "email" : "foo",
  "flushing" : false,
  "initialized" : false,
  "phoneNumber" : "foo",
  "pushToken" : "foo",
  "queue" : [
    {
      "apiKey" : "foo",
      "endpoint" : {
        "storePushToken" : {
          "_0" : {
            "properties" : {
              "$anonymous" : "foo",
              "$email" : "foo",
              "$ios_tokens" : "foo",
              "$phone_number" : "foo"
            },
            "token" : "foo"
          }
        }
      }
    }
  ],
  "requestsInFlight" : [
    {
      "apiKey" : "foo",
      "endpoint" : {
        "storePushToken" : {
          "_0" : {
            "properties" : {
              "$anonymous" : "foo",
              "$email" : "foo",
              "$ios_tokens" : "foo",
              "$phone_number" : "foo"
            },
            "token" : "foo"
          }
        }
      }
    }
  ]
}