{
  "data" : {
    "attributes" : {
      "background" : "AVAILABLE",
      "device_metadata" : {
        "app_build" : "1",
        "app_id" : "com.klaviyo.fooapp",
        "app_name" : "FooApp",
        "app_version" : "1.2.3",
        "device_id" : "fe-fi-fo-fum",
        "device_model" : "jPhone 1,1",
        "environment" : "debug",
        "klaviyo_sdk" : "swift",
        "manufacturer" : "Orange",
        "os_name" : "iOS",
        "os_version" : "1.1.1",
        "sdk_version" : "2.4.0"
      },
      "enablement_status" : "AUTHORIZED",
      "platform" : "ios",
      "profile" : {
        "data" : {
          "attributes" : {
            "anonymous_id" : "foo",
            "email" : "foo",
            "phone_number" : "foo",
            "properties" : {

            }
          },
          "type" : "profile"
        }
      },
      "token" : "foo",
      "vendor" : "APNs"
    },
    "type" : "push-token"
  }
}