▿ KlaviyoState
  ▿ anonymousId: Optional<String>
    - some: "iOS:197DFEC8-C7CE-497E-9B53-917148F38729"
  ▿ apiKey: Optional<String>
    - some: "foo"
  ▿ email: Optional<String>
    - some: "value"
  ▿ externalId: Optional<String>
    - some: "value"
  - flushInterval: 10.0
  - flushing: false
  - initalizationState: InitializationSate.uninitialized
  - phoneNumber: Optional<String>.none
  - pushToken: Optional<String>.none
  - queue: 0 elements
  - requestsInFlight: 0 elements
