{
  "anonymousId" : "iOS:00000000-0000-0000-0000-000000000002",
  "apiKey" : "foo",
  "email" : "value",
  "externalId" : "value",
  "queue" : [
    {
      "apiKey" : "foo",
      "endpoint" : {
        "createEvent" : {
          "_0" : {
            "data" : {
              "attributes" : {
                "metric" : {
                  "data" : {
                    "attributes" : {
                      "name" : "$opened_push"
                    },
                    "type" : "metric"
                  }
                },
                "profile" : {
                  "data" : {
                    "attributes" : {
                      "anonymous_id" : "iOS:00000000-0000-0000-0000-000000000002",
                      "email" : "value",
                      "external_id" : "value",
                      "properties" : {
                        "foo" : "bar"
                      }
                    },
                    "type" : "profile"
                  }
                },
                "properties" : {
                  "App Build" : "1",
                  "App ID" : "com.klaviyo.fooapp",
                  "App Name" : "FooApp",
                  "App Version" : "1.2.3",
                  "Device ID" : "fe-fi-fo-fum",
                  "Device Manufacturer" : "Orange",
                  "Device Model" : "jPhone 1,1",
                  "OS Name" : "iOS",
                  "OS Version" : "1.1.1",
                  "prop1" : "propValue",
                  "Push Token" : null,
                  "SDK Name" : "swift",
                  "SDK Version" : "2.2.1"
                },
                "time" : 256260690,
                "unique_id" : "00000000-0000-0000-0000-000000000001"
              },
              "type" : "event"
            }
          }
        }
      },
      "uuid" : "00000000-0000-0000-0000-000000000001"
    },
    {
      "apiKey" : "foo",
      "endpoint" : {
        "createProfile" : {
          "_0" : {
            "data" : {
              "attributes" : {
                "anonymous_id" : "iOS:00000000-0000-0000-0000-000000000002",
                "email" : "value",
                "external_id" : "value",
                "properties" : {
                  "foo2" : "bar2"
                }
              },
              "type" : "profile"
            }
          }
        }
      },
      "uuid" : "00000000-0000-0000-0000-000000000001"
    }
  ]
}