▿ KlaviyoState
  ▿ anonymousId: Optional<String>
    - some: "iOS:00000000-0000-0000-0000-000000000002"
  ▿ apiKey: Optional<String>
    - some: "foo"
  ▿ email: Optional<String>
    - some: "value"
  ▿ externalId: Optional<String>
    - some: "value"
  - flushInterval: 10.0
  - flushing: false
  - initalizationState: InitializationState.uninitialized
  - pendingProfile: Optional<Dictionary<ProfileKey, AnyEncodable>>.none
  - pendingRequests: 0 elements
  - phoneNumber: Optional<String>.none
  - pushTokenData: Optional<PushTokenData>.none
  - queue: 0 elements
  - requestsInFlight: 0 elements
  ▿ retryInfo: RetryInfo
    - retry: 0
