{
  "data" : {
    "attributes" : {
      "anonymous_id" : "foo",
      "email" : "blobemail",
      "external_id" : "blobid",
      "first_name" : "Blob",
      "image" : "foo",
      "last_name" : "Junior",
      "location" : {
        "address1" : "blob",
        "address2" : "blob",
        "city" : "blob city",
        "country" : "Blobland",
        "latitude" : 1,
        "longitude" : 1,
        "region" : "BL",
        "timezone" : "EST",
        "zip" : "0BLOB"
      },
      "organization" : "Blobco",
      "phone_number" : "+15555555555",
      "properties" : {

      },
      "title" : "Jelly"
    },
    "type" : "profile"
  }
}