{
  "data" : {
    "attributes" : {
      "platform" : "ios",
      "profile" : {
        "data" : {
          "attributes" : {
            "anonymous_id" : "foo",
            "email" : "foo",
            "phone_number" : "foo",
            "properties" : {

            }
          },
          "type" : "profile"
        }
      },
      "token" : "foo",
      "vendor" : "APNs"
    },
    "type" : "push-token-unregister"
  }
}