internalRequestError(KlaviyoSwift.KlaviyoAPI.KlaviyoAPIError.internalError("Invalid url string. API URL: : : ::"))