▿ KlaviyoAPIError
  ▿ rateLimitError: Optional<Int>
    - some: 0
