â–¿ KlaviyoAPIError
  - networkError: Error Domain=network error Code=0 "(null)"
