▿ dead_beef/api/identify
  ▿ url: Optional<URL>
    - some: dead_beef/api/identify
  - cachePolicy: 0
  - timeoutInterval: 60.0
  - mainDocumentURL: Optional<URL>.none
  - networkServiceType: NSURLRequestNetworkServiceType.NSURLRequestNetworkServiceType
  - allowsCellularAccess: true
  ▿ httpMethod: Optional<String>
    - some: "POST"
  ▿ allHTTPHeaderFields: Optional<Dictionary<String, String>>
    - some: 0 key/value pairs
  ▿ httpBody: Optional<Data>
    - some: 0 bytes
  - httpBodyStream: Optional<NSInputStream>.none
  - httpShouldHandleCookies: true
  - httpShouldUsePipelining: false
