▿ KlaviyoAPIError
  ▿ httpError: (2 elements)
    - .0: 500
    - .1: 0 bytes
