â–¿ KlaviyoAPIError
  - missingOrInvalidResponse: Optional<NSURLResponse>.none
