▿ dead_beef/client/profiles/?company_id=foo
  ▿ url: Optional<URL>
    - some: dead_beef/client/profiles/?company_id=foo
  - cachePolicy: 0
  - timeoutInterval: 60.0
  - mainDocumentURL: Optional<URL>.none
  - networkServiceType: NSURLRequestNetworkServiceType.NSURLRequestNetworkServiceType
  - allowsCellularAccess: true
  ▿ httpMethod: Optional<String>
    - some: "POST"
  ▿ allHTTPHeaderFields: Optional<Dictionary<String, String>>
    ▿ some: 1 key/value pair
      ▿ (2 elements)
        - key: "X-Klaviyo-Attempt-Count"
        - value: "0/50"
  ▿ httpBody: Optional<Data>
    - some: 0 bytes
  - httpBodyStream: Optional<NSInputStream>.none
  - httpShouldHandleCookies: true
  - httpShouldUsePipelining: false
