▿ KlaviyoAPIError
  ▿ internalRequestError: KlaviyoAPIError
    ▿ dataEncodingError: KlaviyoRequest
      - apiKey: "foo"
      ▿ endpoint: KlaviyoEndpoint
        ▿ createProfile: CreateProfilePayload
          ▿ data: ProfilePayload
            ▿ attributes: Attributes
              - anonymousId: "foo"
              ▿ email: Optional<String>
                - some: "blobemail"
              ▿ externalId: Optional<String>
                - some: "blobid"
              ▿ firstName: Optional<String>
                - some: "Blob"
              ▿ image: Optional<String>
                - some: "foo"
              ▿ lastName: Optional<String>
                - some: "Junior"
              ▿ location: Optional<Location>
                ▿ some: Location
                  ▿ address1: Optional<String>
                    - some: "blob"
                  ▿ address2: Optional<String>
                    - some: "blob"
                  ▿ city: Optional<String>
                    - some: "blob city"
                  ▿ country: Optional<String>
                    - some: "Blobland"
                  ▿ latitude: Optional<Double>
                    - some: 1.0
                  ▿ longitude: Optional<Double>
                    - some: 1.0
                  ▿ region: Optional<String>
                    - some: "BL"
                  ▿ timezone: Optional<String>
                    - some: "EST"
                  ▿ zip: Optional<String>
                    - some: "0BLOB"
              ▿ organization: Optional<String>
                - some: "Blobco"
              ▿ phoneNumber: Optional<String>
                - some: "+15555555555"
              ▿ properties: [:]
                - value: 0 key/value pairs
              ▿ title: Optional<String>
                - some: "Jelly"
            - type: "profile"
      - uuid: "00000000-0000-0000-0000-000000000001"
