internalRequestError(KlaviyoCore.KlaviyoAPIError.internalError("Invalid url string. API URL: "))