- "FooApp/1.2.3 (com.klaviyo.fooapp; build:1; iOS 1.1.1) klaviyo-ios/2.5.1"
