▿ KlaviyoState
  ▿ anonymousId: Optional<String>
    - some: "00000000-0000-0000-0000-000000000001"
  ▿ apiKey: Optional<String>
    - some: "fake-key"
  - email: Optional<String>.none
  - externalId: Optional<String>.none
  - flushInterval: 10.0
  - flushing: false
  - initialized: true
  - phoneNumber: Optional<String>.none
  ▿ pushToken: Optional<String>
    - some: "blob_token"
  ▿ queue: 2 elements
    ▿ KlaviyoRequest
      - apiKey: "fake-key"
      ▿ endpoint: KlaviyoEndpoint
        ▿ createProfile: CreateProfilePayload
          ▿ data: Profile
            ▿ attributes: Attributes
              ▿ anonymousId: Optional<String>
                - some: "00000000-0000-0000-0000-000000000001"
              - email: Optional<String>.none
              - externalId: Optional<String>.none
              - firstName: Optional<String>.none
              - image: Optional<String>.none
              - lastName: Optional<String>.none
              - location: Optional<Location>.none
              - organization: Optional<String>.none
              - phoneNumber: Optional<String>.none
              ▿ properties: [:]
                - value: 0 key/value pairs
              - title: Optional<String>.none
            ▿ meta: Meta
              ▿ identifiers: Identifiers
                ▿ anonymousId: Optional<String>
                  - some: "00000000-0000-0000-0000-000000000001"
                - email: Optional<String>.none
                - externalId: Optional<String>.none
                - phoneNumber: Optional<String>.none
            - type: "profile"
      - uuid: "00000000-0000-0000-0000-000000000001"
    ▿ KlaviyoRequest
      - apiKey: "fake-key"
      ▿ endpoint: KlaviyoEndpoint
        ▿ storePushToken: PushTokenPayload
          ▿ properties: Properties
            - anonymousId: "00000000-0000-0000-0000-000000000001"
            - email: Optional<String>.none
            - externalId: Optional<String>.none
            - phoneNumber: Optional<String>.none
            ▿ pushToken: Optional<String>
              - some: "blob_token"
          - token: "fake-key"
      - uuid: "00000000-0000-0000-0000-000000000001"
  - requestsInFlight: 0 elements
